MPLINK 4.38, Linker
Linker Map File - Created Tue May 03 11:42:21 2011

                                 Section Info
                  Section       Type    Address   Location Size(Bytes)
                ---------  ---------  ---------  ---------  ---------
                   .org_0       code   0x000000    program   0x000000
                   .org_2       code   0x000000    program   0x000008
                   .org_3       code   0x000004    program   0x000e62
                   .org_4       code   0x000800    program   0x00017c
.config_2007_SUPERTATF88.O       code   0x002007    program   0x000002
.config_2008_SUPERTATF88.O       code   0x002008    program   0x000002
                   .org_1       code   0x002100    program   0x000108



                              Program Memory Usage 
                               Start         End      
                           ---------   ---------      
                            0x000000    0x000734      
                            0x000800    0x0008bd      
                            0x002007    0x002008      
                            0x002100    0x002183      
            2169 out of 4359 program addresses used, program memory utilization is 49%



                              Symbols - Sorted by Name
                     Name    Address   Location    Storage File                     
                ---------  ---------  ---------  --------- ---------                
                  AbsDiff   0x0000ba    program     static C:\SunCube\SuperTATF88Main.asm
                   AbsMSc   0x000250    program     static C:\SunCube\SuperTATF88Main.asm
                    Add24   0x000110    program     static C:\SunCube\SuperTATF88Main.asm
                   BcdtoB   0x000865    program     static C:\SunCube\SuperTAtF88Comms.asm
                   BtoBcd   0x00084f    program     static C:\SunCube\SuperTAtF88Comms.asm
            BumpAziTarget   0x000293    program     static C:\SunCube\SuperTATF88Main.asm
                    CkEnc   0x000237    program     static C:\SunCube\SuperTATF88Main.asm
                 CkMRetro   0x000244    program     static C:\SunCube\SuperTATF88Main.asm
                CkSetHome   0x00033a    program     static C:\SunCube\SuperTATF88Main.asm
                 ClearRam   0x00060e    program     static C:\SunCube\SuperTATF88Main.asm
                   CovHex   0x00085b    program     static C:\SunCube\SuperTAtF88Comms.asm
                    Dec24   0x0000e7    program     static C:\SunCube\SuperTATF88Main.asm
                     Div2   0x00013a    program     static C:\SunCube\SuperTATF88Main.asm
                  Dly1Min   0x00015f    program     static C:\SunCube\SuperTATF88Main.asm
                  Dly1sec   0x00014c    program     static C:\SunCube\SuperTATF88Main.asm
                 Dly250ms   0x000152    program     static C:\SunCube\SuperTATF88Main.asm
                   DlyWMs   0x000153    program     static C:\SunCube\SuperTATF88Main.asm
                  DlyWSec   0x000160    program     static C:\SunCube\SuperTATF88Main.asm
                   DlyWus   0x000146    program     static C:\SunCube\SuperTATF88Main.asm
                  DoAlign   0x000312    program     static C:\SunCube\SuperTATF88Main.asm
                    DoDec   0x00007b    program     static C:\SunCube\SuperTATF88Main.asm
                   DoEMPS   0x0002d3    program     static C:\SunCube\SuperTATF88Main.asm
                    DoInc   0x000083    program     static C:\SunCube\SuperTATF88Main.asm
                       E0   0x00215c    program     static C:\SunCube\SuperTATF88Main.asm
                    EeAlt   0x00217d    program     static C:\SunCube\SuperTATF88Main.asm
                    EeAzi   0x002180    program     static C:\SunCube\SuperTATF88Main.asm
                    EeEnd   0x002183    program     static C:\SunCube\SuperTATF88Main.asm
                  EeValid   0x00217c    program     static C:\SunCube\SuperTATF88Main.asm
                   EnaInt   0x000601    program     static C:\SunCube\SuperTATF88Main.asm
                  EncPOff   0x00028e    program     static C:\SunCube\SuperTATF88Main.asm
                 EndofDay   0x0006ca    program     static C:\SunCube\SuperTATF88Main.asm
                   F24Bad   0x000664    program     static C:\SunCube\SuperTATF88Main.asm
                    F24Ok   0x000665    program     static C:\SunCube\SuperTATF88Main.asm
                GetSunPos   0x0004f2    program     static C:\SunCube\SuperTATF88Main.asm
                   GoAlt0   0x0002b0    program     static C:\SunCube\SuperTATF88Main.asm
                   GoAzi0   0x0002c1    program     static C:\SunCube\SuperTATF88Main.asm
               GotoAltSun   0x000165    program     static C:\SunCube\SuperTATF88Main.asm
            GotoAltTarget   0x00016b    program     static C:\SunCube\SuperTATF88Main.asm
               GotoAziSun   0x0001c1    program     static C:\SunCube\SuperTATF88Main.asm
            GotoAziTarget   0x0001c7    program     static C:\SunCube\SuperTATF88Main.asm
                  HandJob   0x000493    program     static C:\SunCube\SuperTATF88Main.asm
                    Inc24   0x0000d1    program     static C:\SunCube\SuperTATF88Main.asm
                  InitVdc   0x0005da    program     static C:\SunCube\SuperTATF88Main.asm
                  LockAlt   0x000409    program     static C:\SunCube\SuperTATF88Main.asm
                  LockAzi   0x0003b2    program     static C:\SunCube\SuperTATF88Main.asm
                     Main   0x000615    program     static C:\SunCube\SuperTATF88Main.asm
                MoveCubie   0x00024a    program     static C:\SunCube\SuperTATF88Main.asm
                  Mult.75   0x00011b    program     static C:\SunCube\SuperTATF88Main.asm
                 Mult1.25   0x0000fc    program     static C:\SunCube\SuperTATF88Main.asm
                     Nagn   0x000394    program     static C:\SunCube\SuperTATF88Main.asm
                    Nudge   0x00038f    program     static C:\SunCube\SuperTATF88Main.asm
                   Recv8n   0x0005aa    program     static C:\SunCube\SuperTATF88Main.asm
                   Send8n   0x00058f    program     static C:\SunCube\SuperTATF88Main.asm
                  SendAdc   0x0008b2    program     static C:\SunCube\SuperTAtF88Comms.asm
                  SendAlt   0x00089a    program     static C:\SunCube\SuperTAtF88Comms.asm
                  SendAzi   0x000889    program     static C:\SunCube\SuperTAtF88Comms.asm
                 SendBin3   0x00081a    program     static C:\SunCube\SuperTAtF88Comms.asm
                  SendDec   0x000841    program     static C:\SunCube\SuperTAtF88Comms.asm
                   SendFd   0x000809    program     static C:\SunCube\SuperTAtF88Comms.asm
                  SendHex   0x00080e    program     static C:\SunCube\SuperTAtF88Comms.asm
                 SendLfCr   0x000800    program     static C:\SunCube\SuperTAtF88Comms.asm
                  SendMov   0x0008ab    program     static C:\SunCube\SuperTAtF88Comms.asm
                   SendSC   0x000875    program     static C:\SunCube\SuperTAtF88Comms.asm
                  SendTAT   0x0008bb    program     static C:\SunCube\SuperTAtF88Comms.asm
             SetT1To250ms   0x00013f    program     static C:\SunCube\SuperTATF88Main.asm
             SetTatIntCnt   0x0005e1    program     static C:\SunCube\SuperTATF88Main.asm
             SetTatsPerLk   0x0005e4    program     static C:\SunCube\SuperTATF88Main.asm
                  SetTmrs   0x0005f8    program     static C:\SunCube\SuperTATF88Main.asm
                  SetUpIo   0x0005e7    program     static C:\SunCube\SuperTATF88Main.asm
                    Sub24   0x00012f    program     static C:\SunCube\SuperTATF88Main.asm
                 SwapCcCw   0x00023e    program     static C:\SunCube\SuperTATF88Main.asm
                TAlt2High   0x000352    program     static C:\SunCube\SuperTATF88Main.asm
                      TDn   0x00035f    program     static C:\SunCube\SuperTATF88Main.asm
                     TSDn   0x000366    program     static C:\SunCube\SuperTATF88Main.asm
                   TSWest   0x00037e    program     static C:\SunCube\SuperTATF88Main.asm
                 TSunVdc8   0x0005d2    program     static C:\SunCube\SuperTATF88Main.asm
                   TSwOff   0x0004d3    program     static C:\SunCube\SuperTATF88Main.asm
                    TWest   0x000377    program     static C:\SunCube\SuperTATF88Main.asm
                 TrackSun   0x00067b    program     static C:\SunCube\SuperTATF88Main.asm
             UpDateAltEnc   0x000344    program     static C:\SunCube\SuperTATF88Main.asm
             UpDateAziEnc   0x00034b    program     static C:\SunCube\SuperTATF88Main.asm
                   WSwOff   0x0004e7    program     static C:\SunCube\SuperTATF88Main.asm
                  absexit   0x0000d0    program     static C:\SunCube\SuperTATF88Main.asm
                   absrev   0x0000c3    program     static C:\SunCube\SuperTATF88Main.asm
                    add10   0x00086f    program     static C:\SunCube\SuperTAtF88Comms.asm
                    addup   0x000487    program     static C:\SunCube\SuperTATF88Main.asm
                   adjenc   0x0000a0    program     static C:\SunCube\SuperTATF88Main.asm
                 altmagok   0x0002e2    program     static C:\SunCube\SuperTATF88Main.asm
                 azimagok   0x000308    program     static C:\SunCube\SuperTATF88Main.asm
                    ck100   0x000826    program     static C:\SunCube\SuperTAtF88Comms.asm
                  ckalign   0x000317    program     static C:\SunCube\SuperTATF88Main.asm
                 ckalign2   0x000330    program     static C:\SunCube\SuperTATF88Main.asm
                 ckaltdir   0x0001b2    program     static C:\SunCube\SuperTATF88Main.asm
                 ckazidir   0x00020a    program     static C:\SunCube\SuperTATF88Main.asm
                     ckcc   0x000265    program     static C:\SunCube\SuperTATF88Main.asm
                     ckcw   0x00026e    program     static C:\SunCube\SuperTATF88Main.asm
                  ckdirCc   0x000213    program     static C:\SunCube\SuperTATF88Main.asm
                     ckdn   0x00025e    program     static C:\SunCube\SuperTATF88Main.asm
                  ckeast4   0x0001bc    program     static C:\SunCube\SuperTATF88Main.asm
                     ckhj   0x000683    program     static C:\SunCube\SuperTATF88Main.asm
                   ckifcc   0x00006f    program     static C:\SunCube\SuperTATF88Main.asm
                   ckifcw   0x00008b    program     static C:\SunCube\SuperTATF88Main.asm
                   ckifdn   0x000063    program     static C:\SunCube\SuperTATF88Main.asm
                   ckifhj   0x000098    program     static C:\SunCube\SuperTATF88Main.asm
                   ckifup   0x000051    program     static C:\SunCube\SuperTATF88Main.asm
                  ckretro   0x000549    program     static C:\SunCube\SuperTATF88Main.asm
                     cksw   0x000499    program     static C:\SunCube\SuperTATF88Main.asm
                    clrzf   0x000375    program     static C:\SunCube\SuperTATF88Main.asm
                  commerr   0x00057f    program     static C:\SunCube\SuperTATF88Main.asm
                     d1ms   0x000156    program     static C:\SunCube\SuperTATF88Main.asm
                   dec241   0x0000f3    program     static C:\SunCube\SuperTATF88Main.asm
                    dlyus   0x000147    program     static C:\SunCube\SuperTATF88Main.asm
                     do99   0x000835    program     static C:\SunCube\SuperTAtF88Comms.asm
                  doBleqA   0x000372    program     static C:\SunCube\SuperTATF88Main.asm
                      doN   0x0003a0    program     static C:\SunCube\SuperTATF88Main.asm
                  doaltlk   0x0006a9    program     static C:\SunCube\SuperTATF88Main.asm
                  doazilk   0x0006b8    program     static C:\SunCube\SuperTATF88Main.asm
                 dobaud8n   0x00059e    program     static C:\SunCube\SuperTATF88Main.asm
                   dodiv2   0x000488    program     static C:\SunCube\SuperTATF88Main.asm
                     dohj   0x0004ad    program     static C:\SunCube\SuperTATF88Main.asm
                   dolock   0x0006a0    program     static C:\SunCube\SuperTATF88Main.asm
                  dosleep   0x000704    program     static C:\SunCube\SuperTATF88Main.asm
                    doxms   0x000154    program     static C:\SunCube\SuperTATF88Main.asm
                 dozero8n   0x00059c    program     static C:\SunCube\SuperTATF88Main.asm
                  ebcdtob   0x000873    program     static C:\SunCube\SuperTAtF88Comms.asm
                   encfin   0x000092    program     static C:\SunCube\SuperTATF88Main.asm
                   errpbc   0x0000a2    program     static C:\SunCube\SuperTATF88Main.asm
                   finhex   0x000863    program     static C:\SunCube\SuperTAtF88Comms.asm
                    finhj   0x0004c3    program     static C:\SunCube\SuperTATF88Main.asm
               finlockalt   0x00045f    program     static C:\SunCube\SuperTATF88Main.asm
                  gotosun   0x0006bf    program     static C:\SunCube\SuperTATF88Main.asm
                    hjsok   0x0004b3    program     static C:\SunCube\SuperTATF88Main.asm
                   inc241   0x0000e1    program     static C:\SunCube\SuperTATF88Main.asm
                   intfin   0x0000a3    program     static C:\SunCube\SuperTATF88Main.asm
                 loadhemi   0x00057e    program     static C:\SunCube\SuperTATF88Main.asm
                 lockwest   0x000436    program     static C:\SunCube\SuperTATF88Main.asm
                    malt1   0x00018b    program     static C:\SunCube\SuperTATF88Main.asm
                    mazi1   0x0001e7    program     static C:\SunCube\SuperTATF88Main.asm
                    mazi3   0x000217    program     static C:\SunCube\SuperTATF88Main.asm
                    mazi4   0x000221    program     static C:\SunCube\SuperTATF88Main.asm
                  mksize0   0x00009d    program     static C:\SunCube\SuperTATF88Main.asm
                    mszok   0x000236    program     static C:\SunCube\SuperTATF88Main.asm
                   mtroff   0x00004d    program     static C:\SunCube\SuperTATF88Main.asm
                   next8n   0x000597    program     static C:\SunCube\SuperTATF88Main.asm
                   nobump   0x0002af    program     static C:\SunCube\SuperTATF88Main.asm
                   noemps   0x0002df    program     static C:\SunCube\SuperTATF88Main.asm
                  noemps1   0x0006f1    program     static C:\SunCube\SuperTATF88Main.asm
                  noemps2   0x000719    program     static C:\SunCube\SuperTATF88Main.asm
                    notft   0x000648    program     static C:\SunCube\SuperTATF88Main.asm
                   nxtclr   0x000610    program     static C:\SunCube\SuperTATF88Main.asm
                   nxtsec   0x000161    program     static C:\SunCube\SuperTATF88Main.asm
                     over   0x000858    program     static C:\SunCube\SuperTAtF88Comms.asm
               pointsouth   0x0006da    program     static C:\SunCube\SuperTATF88Main.asm
                     r8na   0x0005bd    program     static C:\SunCube\SuperTATF88Main.asm
                   rcverr   0x0005cf    program     static C:\SunCube\SuperTATF88Main.asm
                  sbfound   0x0005b7    program     static C:\SunCube\SuperTATF88Main.asm
                    setcw   0x000274    program     static C:\SunCube\SuperTATF88Main.asm
                   settat   0x000024    program     static C:\SunCube\SuperTATF88Main.asm
                    setzf   0x00038d    program     static C:\SunCube\SuperTATF88Main.asm
                    slfin   0x0006bb    program     static C:\SunCube\SuperTATF88Main.asm
                    smove   0x0004bd    program     static C:\SunCube\SuperTATF88Main.asm
                     snd0   0x000831    program     static C:\SunCube\SuperTAtF88Comms.asm
                    sub10   0x000851    program     static C:\SunCube\SuperTAtF88Comms.asm
                      tdn   0x00036c    program     static C:\SunCube\SuperTATF88Main.asm
                   toolow   0x000694    program     static C:\SunCube\SuperTATF88Main.asm
                tstaltsun   0x00056c    program     static C:\SunCube\SuperTATF88Main.asm
                 tstazilk   0x0006ad    program     static C:\SunCube\SuperTATF88Main.asm
                tstazisun   0x00055a    program     static C:\SunCube\SuperTATF88Main.asm
                   tstpbc   0x000026    program     static C:\SunCube\SuperTATF88Main.asm
                    tstup   0x0002b4    program     static C:\SunCube\SuperTATF88Main.asm
                     tstw   0x0002c6    program     static C:\SunCube\SuperTATF88Main.asm
                    twest   0x000384    program     static C:\SunCube\SuperTATF88Main.asm
                 wmorning   0x000726    program     static C:\SunCube\SuperTATF88Main.asm
                     wmtr   0x00027f    program     static C:\SunCube\SuperTATF88Main.asm
                  wmtroff   0x000276    program     static C:\SunCube\SuperTATF88Main.asm
                      wsb   0x0005b0    program     static C:\SunCube\SuperTATF88Main.asm



                              Symbols - Sorted by Address
                     Name    Address   Location    Storage File                     
                ---------  ---------  ---------  --------- ---------                
                   settat   0x000024    program     static C:\SunCube\SuperTATF88Main.asm
                   tstpbc   0x000026    program     static C:\SunCube\SuperTATF88Main.asm
                   mtroff   0x00004d    program     static C:\SunCube\SuperTATF88Main.asm
                   ckifup   0x000051    program     static C:\SunCube\SuperTATF88Main.asm
                   ckifdn   0x000063    program     static C:\SunCube\SuperTATF88Main.asm
                   ckifcc   0x00006f    program     static C:\SunCube\SuperTATF88Main.asm
                    DoDec   0x00007b    program     static C:\SunCube\SuperTATF88Main.asm
                    DoInc   0x000083    program     static C:\SunCube\SuperTATF88Main.asm
                   ckifcw   0x00008b    program     static C:\SunCube\SuperTATF88Main.asm
                   encfin   0x000092    program     static C:\SunCube\SuperTATF88Main.asm
                   ckifhj   0x000098    program     static C:\SunCube\SuperTATF88Main.asm
                  mksize0   0x00009d    program     static C:\SunCube\SuperTATF88Main.asm
                   adjenc   0x0000a0    program     static C:\SunCube\SuperTATF88Main.asm
                   errpbc   0x0000a2    program     static C:\SunCube\SuperTATF88Main.asm
                   intfin   0x0000a3    program     static C:\SunCube\SuperTATF88Main.asm
                  AbsDiff   0x0000ba    program     static C:\SunCube\SuperTATF88Main.asm
                   absrev   0x0000c3    program     static C:\SunCube\SuperTATF88Main.asm
                  absexit   0x0000d0    program     static C:\SunCube\SuperTATF88Main.asm
                    Inc24   0x0000d1    program     static C:\SunCube\SuperTATF88Main.asm
                   inc241   0x0000e1    program     static C:\SunCube\SuperTATF88Main.asm
                    Dec24   0x0000e7    program     static C:\SunCube\SuperTATF88Main.asm
                   dec241   0x0000f3    program     static C:\SunCube\SuperTATF88Main.asm
                 Mult1.25   0x0000fc    program     static C:\SunCube\SuperTATF88Main.asm
                    Add24   0x000110    program     static C:\SunCube\SuperTATF88Main.asm
                  Mult.75   0x00011b    program     static C:\SunCube\SuperTATF88Main.asm
                    Sub24   0x00012f    program     static C:\SunCube\SuperTATF88Main.asm
                     Div2   0x00013a    program     static C:\SunCube\SuperTATF88Main.asm
             SetT1To250ms   0x00013f    program     static C:\SunCube\SuperTATF88Main.asm
                   DlyWus   0x000146    program     static C:\SunCube\SuperTATF88Main.asm
                    dlyus   0x000147    program     static C:\SunCube\SuperTATF88Main.asm
                  Dly1sec   0x00014c    program     static C:\SunCube\SuperTATF88Main.asm
                 Dly250ms   0x000152    program     static C:\SunCube\SuperTATF88Main.asm
                   DlyWMs   0x000153    program     static C:\SunCube\SuperTATF88Main.asm
                    doxms   0x000154    program     static C:\SunCube\SuperTATF88Main.asm
                     d1ms   0x000156    program     static C:\SunCube\SuperTATF88Main.asm
                  Dly1Min   0x00015f    program     static C:\SunCube\SuperTATF88Main.asm
                  DlyWSec   0x000160    program     static C:\SunCube\SuperTATF88Main.asm
                   nxtsec   0x000161    program     static C:\SunCube\SuperTATF88Main.asm
               GotoAltSun   0x000165    program     static C:\SunCube\SuperTATF88Main.asm
            GotoAltTarget   0x00016b    program     static C:\SunCube\SuperTATF88Main.asm
                    malt1   0x00018b    program     static C:\SunCube\SuperTATF88Main.asm
                 ckaltdir   0x0001b2    program     static C:\SunCube\SuperTATF88Main.asm
                  ckeast4   0x0001bc    program     static C:\SunCube\SuperTATF88Main.asm
               GotoAziSun   0x0001c1    program     static C:\SunCube\SuperTATF88Main.asm
            GotoAziTarget   0x0001c7    program     static C:\SunCube\SuperTATF88Main.asm
                    mazi1   0x0001e7    program     static C:\SunCube\SuperTATF88Main.asm
                 ckazidir   0x00020a    program     static C:\SunCube\SuperTATF88Main.asm
                  ckdirCc   0x000213    program     static C:\SunCube\SuperTATF88Main.asm
                    mazi3   0x000217    program     static C:\SunCube\SuperTATF88Main.asm
                    mazi4   0x000221    program     static C:\SunCube\SuperTATF88Main.asm
                    mszok   0x000236    program     static C:\SunCube\SuperTATF88Main.asm
                    CkEnc   0x000237    program     static C:\SunCube\SuperTATF88Main.asm
                 SwapCcCw   0x00023e    program     static C:\SunCube\SuperTATF88Main.asm
                 CkMRetro   0x000244    program     static C:\SunCube\SuperTATF88Main.asm
                MoveCubie   0x00024a    program     static C:\SunCube\SuperTATF88Main.asm
                   AbsMSc   0x000250    program     static C:\SunCube\SuperTATF88Main.asm
                     ckdn   0x00025e    program     static C:\SunCube\SuperTATF88Main.asm
                     ckcc   0x000265    program     static C:\SunCube\SuperTATF88Main.asm
                     ckcw   0x00026e    program     static C:\SunCube\SuperTATF88Main.asm
                    setcw   0x000274    program     static C:\SunCube\SuperTATF88Main.asm
                  wmtroff   0x000276    program     static C:\SunCube\SuperTATF88Main.asm
                     wmtr   0x00027f    program     static C:\SunCube\SuperTATF88Main.asm
                  EncPOff   0x00028e    program     static C:\SunCube\SuperTATF88Main.asm
            BumpAziTarget   0x000293    program     static C:\SunCube\SuperTATF88Main.asm
                   nobump   0x0002af    program     static C:\SunCube\SuperTATF88Main.asm
                   GoAlt0   0x0002b0    program     static C:\SunCube\SuperTATF88Main.asm
                    tstup   0x0002b4    program     static C:\SunCube\SuperTATF88Main.asm
                   GoAzi0   0x0002c1    program     static C:\SunCube\SuperTATF88Main.asm
                     tstw   0x0002c6    program     static C:\SunCube\SuperTATF88Main.asm
                   DoEMPS   0x0002d3    program     static C:\SunCube\SuperTATF88Main.asm
                   noemps   0x0002df    program     static C:\SunCube\SuperTATF88Main.asm
                 altmagok   0x0002e2    program     static C:\SunCube\SuperTATF88Main.asm
                 azimagok   0x000308    program     static C:\SunCube\SuperTATF88Main.asm
                  DoAlign   0x000312    program     static C:\SunCube\SuperTATF88Main.asm
                  ckalign   0x000317    program     static C:\SunCube\SuperTATF88Main.asm
                 ckalign2   0x000330    program     static C:\SunCube\SuperTATF88Main.asm
                CkSetHome   0x00033a    program     static C:\SunCube\SuperTATF88Main.asm
             UpDateAltEnc   0x000344    program     static C:\SunCube\SuperTATF88Main.asm
             UpDateAziEnc   0x00034b    program     static C:\SunCube\SuperTATF88Main.asm
                TAlt2High   0x000352    program     static C:\SunCube\SuperTATF88Main.asm
                      TDn   0x00035f    program     static C:\SunCube\SuperTATF88Main.asm
                     TSDn   0x000366    program     static C:\SunCube\SuperTATF88Main.asm
                      tdn   0x00036c    program     static C:\SunCube\SuperTATF88Main.asm
                  doBleqA   0x000372    program     static C:\SunCube\SuperTATF88Main.asm
                    clrzf   0x000375    program     static C:\SunCube\SuperTATF88Main.asm
                    TWest   0x000377    program     static C:\SunCube\SuperTATF88Main.asm
                   TSWest   0x00037e    program     static C:\SunCube\SuperTATF88Main.asm
                    twest   0x000384    program     static C:\SunCube\SuperTATF88Main.asm
                    setzf   0x00038d    program     static C:\SunCube\SuperTATF88Main.asm
                    Nudge   0x00038f    program     static C:\SunCube\SuperTATF88Main.asm
                     Nagn   0x000394    program     static C:\SunCube\SuperTATF88Main.asm
                      doN   0x0003a0    program     static C:\SunCube\SuperTATF88Main.asm
                  LockAzi   0x0003b2    program     static C:\SunCube\SuperTATF88Main.asm
                  LockAlt   0x000409    program     static C:\SunCube\SuperTATF88Main.asm
                 lockwest   0x000436    program     static C:\SunCube\SuperTATF88Main.asm
               finlockalt   0x00045f    program     static C:\SunCube\SuperTATF88Main.asm
                    addup   0x000487    program     static C:\SunCube\SuperTATF88Main.asm
                   dodiv2   0x000488    program     static C:\SunCube\SuperTATF88Main.asm
                  HandJob   0x000493    program     static C:\SunCube\SuperTATF88Main.asm
                     cksw   0x000499    program     static C:\SunCube\SuperTATF88Main.asm
                     dohj   0x0004ad    program     static C:\SunCube\SuperTATF88Main.asm
                    hjsok   0x0004b3    program     static C:\SunCube\SuperTATF88Main.asm
                    smove   0x0004bd    program     static C:\SunCube\SuperTATF88Main.asm
                    finhj   0x0004c3    program     static C:\SunCube\SuperTATF88Main.asm
                   TSwOff   0x0004d3    program     static C:\SunCube\SuperTATF88Main.asm
                   WSwOff   0x0004e7    program     static C:\SunCube\SuperTATF88Main.asm
                GetSunPos   0x0004f2    program     static C:\SunCube\SuperTATF88Main.asm
                  ckretro   0x000549    program     static C:\SunCube\SuperTATF88Main.asm
                tstazisun   0x00055a    program     static C:\SunCube\SuperTATF88Main.asm
                tstaltsun   0x00056c    program     static C:\SunCube\SuperTATF88Main.asm
                 loadhemi   0x00057e    program     static C:\SunCube\SuperTATF88Main.asm
                  commerr   0x00057f    program     static C:\SunCube\SuperTATF88Main.asm
                   Send8n   0x00058f    program     static C:\SunCube\SuperTATF88Main.asm
                   next8n   0x000597    program     static C:\SunCube\SuperTATF88Main.asm
                 dozero8n   0x00059c    program     static C:\SunCube\SuperTATF88Main.asm
                 dobaud8n   0x00059e    program     static C:\SunCube\SuperTATF88Main.asm
                   Recv8n   0x0005aa    program     static C:\SunCube\SuperTATF88Main.asm
                      wsb   0x0005b0    program     static C:\SunCube\SuperTATF88Main.asm
                  sbfound   0x0005b7    program     static C:\SunCube\SuperTATF88Main.asm
                     r8na   0x0005bd    program     static C:\SunCube\SuperTATF88Main.asm
                   rcverr   0x0005cf    program     static C:\SunCube\SuperTATF88Main.asm
                 TSunVdc8   0x0005d2    program     static C:\SunCube\SuperTATF88Main.asm
                  InitVdc   0x0005da    program     static C:\SunCube\SuperTATF88Main.asm
             SetTatIntCnt   0x0005e1    program     static C:\SunCube\SuperTATF88Main.asm
             SetTatsPerLk   0x0005e4    program     static C:\SunCube\SuperTATF88Main.asm
                  SetUpIo   0x0005e7    program     static C:\SunCube\SuperTATF88Main.asm
                  SetTmrs   0x0005f8    program     static C:\SunCube\SuperTATF88Main.asm
                   EnaInt   0x000601    program     static C:\SunCube\SuperTATF88Main.asm
                 ClearRam   0x00060e    program     static C:\SunCube\SuperTATF88Main.asm
                   nxtclr   0x000610    program     static C:\SunCube\SuperTATF88Main.asm
                     Main   0x000615    program     static C:\SunCube\SuperTATF88Main.asm
                    notft   0x000648    program     static C:\SunCube\SuperTATF88Main.asm
                   F24Bad   0x000664    program     static C:\SunCube\SuperTATF88Main.asm
                    F24Ok   0x000665    program     static C:\SunCube\SuperTATF88Main.asm
                 TrackSun   0x00067b    program     static C:\SunCube\SuperTATF88Main.asm
                     ckhj   0x000683    program     static C:\SunCube\SuperTATF88Main.asm
                   toolow   0x000694    program     static C:\SunCube\SuperTATF88Main.asm
                   dolock   0x0006a0    program     static C:\SunCube\SuperTATF88Main.asm
                  doaltlk   0x0006a9    program     static C:\SunCube\SuperTATF88Main.asm
                 tstazilk   0x0006ad    program     static C:\SunCube\SuperTATF88Main.asm
                  doazilk   0x0006b8    program     static C:\SunCube\SuperTATF88Main.asm
                    slfin   0x0006bb    program     static C:\SunCube\SuperTATF88Main.asm
                  gotosun   0x0006bf    program     static C:\SunCube\SuperTATF88Main.asm
                 EndofDay   0x0006ca    program     static C:\SunCube\SuperTATF88Main.asm
               pointsouth   0x0006da    program     static C:\SunCube\SuperTATF88Main.asm
                  noemps1   0x0006f1    program     static C:\SunCube\SuperTATF88Main.asm
                  dosleep   0x000704    program     static C:\SunCube\SuperTATF88Main.asm
                  noemps2   0x000719    program     static C:\SunCube\SuperTATF88Main.asm
                 wmorning   0x000726    program     static C:\SunCube\SuperTATF88Main.asm
                 SendLfCr   0x000800    program     static C:\SunCube\SuperTAtF88Comms.asm
                   SendFd   0x000809    program     static C:\SunCube\SuperTAtF88Comms.asm
                  SendHex   0x00080e    program     static C:\SunCube\SuperTAtF88Comms.asm
                 SendBin3   0x00081a    program     static C:\SunCube\SuperTAtF88Comms.asm
                    ck100   0x000826    program     static C:\SunCube\SuperTAtF88Comms.asm
                     snd0   0x000831    program     static C:\SunCube\SuperTAtF88Comms.asm
                     do99   0x000835    program     static C:\SunCube\SuperTAtF88Comms.asm
                  SendDec   0x000841    program     static C:\SunCube\SuperTAtF88Comms.asm
                   BtoBcd   0x00084f    program     static C:\SunCube\SuperTAtF88Comms.asm
                    sub10   0x000851    program     static C:\SunCube\SuperTAtF88Comms.asm
                     over   0x000858    program     static C:\SunCube\SuperTAtF88Comms.asm
                   CovHex   0x00085b    program     static C:\SunCube\SuperTAtF88Comms.asm
                   finhex   0x000863    program     static C:\SunCube\SuperTAtF88Comms.asm
                   BcdtoB   0x000865    program     static C:\SunCube\SuperTAtF88Comms.asm
                    add10   0x00086f    program     static C:\SunCube\SuperTAtF88Comms.asm
                  ebcdtob   0x000873    program     static C:\SunCube\SuperTAtF88Comms.asm
                   SendSC   0x000875    program     static C:\SunCube\SuperTAtF88Comms.asm
                  SendAzi   0x000889    program     static C:\SunCube\SuperTAtF88Comms.asm
                  SendAlt   0x00089a    program     static C:\SunCube\SuperTAtF88Comms.asm
                  SendMov   0x0008ab    program     static C:\SunCube\SuperTAtF88Comms.asm
                  SendAdc   0x0008b2    program     static C:\SunCube\SuperTAtF88Comms.asm
                  SendTAT   0x0008bb    program     static C:\SunCube\SuperTAtF88Comms.asm
                       E0   0x00215c    program     static C:\SunCube\SuperTATF88Main.asm
                  EeValid   0x00217c    program     static C:\SunCube\SuperTATF88Main.asm
                    EeAlt   0x00217d    program     static C:\SunCube\SuperTATF88Main.asm
                    EeAzi   0x002180    program     static C:\SunCube\SuperTATF88Main.asm
                    EeEnd   0x002183    program     static C:\SunCube\SuperTATF88Main.asm


